[    0.000000] Initializing cgroup subsys cpuset
[    0.000000] Initializing cgroup subsys cpu
[    0.000000] Initializing cgroup subsys cpuacct
[    0.000000] Linux version 4.4.0-133-generic (buildd@lgw01-amd64-029) (gcc version 5.4.0 20160609 (Ubuntu 5.4.0-6ubuntu1~16.04.10) ) #159-Ubuntu SMP Fri Aug 10 07:31:43 UTC 2018 (Ubuntu 4.4.0-133.159-generic 4.4.134)
[    0.000000] Command line: BOOT_IMAGE=/boot/vmlinuz-4.4.0-133-generic root=UUID=84e91f24-0077-40f3-aab8-b49b8e1f4506 ro console=tty1 console=ttyS0
[    0.000000] KERNEL supported cpus:
[    0.000000]   Intel GenuineIntel
[    0.000000]   AMD AuthenticAMD
[    0.000000]   Centaur CentaurHauls
[    0.000000] x86/fpu: xstate_offset[2]:  576, xstate_sizes[2]:  256
[    0.000000] x86/fpu: Supporting XSAVE feature 0x01: 'x87 floating point registers'
[    0.000000] x86/fpu: Supporting XSAVE feature 0x02: 'SSE registers'
[    0.000000] x86/fpu: Supporting XSAVE feature 0x04: 'AVX registers'
[    0.000000] x86/fpu: Enabled xstate features 0x7, context size is 832 bytes, using 'standard' format.
[    0.000000] x86/fpu: Using 'eager' FPU context switches.
[    0.000000] e820: BIOS-provided physical RAM map:
[    0.000000] BIOS-e820: [mem 0x0000000000000000-0x000000000009fbff] usable
[    0.000000] BIOS-e820: [mem 0x000000000009fc00-0x000000000009ffff] reserved
[    0.000000] BIOS-e820: [mem 0x00000000000f0000-0x00000000000fffff] reserved
[    0.000000] BIOS-e820: [mem 0x0000000000100000-0x000000003ffeffff] usable
[    0.000000] BIOS-e820: [mem 0x000000003fff0000-0x000000003fffffff] ACPI data
[    0.000000] BIOS-e820: [mem 0x00000000fec00000-0x00000000fec00fff] reserved
[    0.000000] BIOS-e820: [mem 0x00000000fee00000-0x00000000fee00fff] reserved
[    0.000000] BIOS-e820: [mem 0x00000000fffc0000-0x00000000ffffffff] reserved
[    0.000000] NX (Execute Disable) protection: active
[    0.000000] SMBIOS 2.5 present.
[    0.000000] Hypervisor detected: KVM
[    0.000000] Kernel/User page tables isolation: disabled
[    0.000000] e820: last_pfn = 0x3fff0 max_arch_pfn = 0x400000000
[    0.000000] MTRR: Disabled
[    0.000000] x86/PAT: MTRRs disabled, skipping PAT initialization too.
[    0.000000] CPU MTRRs all blank - virtualized system.
[    0.000000] x86/PAT: Configuration [0-7]: WB  WT  UC- UC  WB  WT  UC- UC  
[    0.000000] found SMP MP-table at [mem 0x0009fff0-0x0009ffff] mapped at [ffff88000009fff0]
[    0.000000] Scanning 1 areas for low memory corruption
[    0.000000] RAMDISK: [mem 0x361ee000-0x370eefff]
[    0.000000] ACPI: Early table checksum verification disabled
[    0.000000] ACPI: RSDP 0x00000000000E0000 000024 (v02 VBOX  )
[    0.000000] ACPI: XSDT 0x000000003FFF0030 00003C (v01 VBOX   VBOXXSDT 00000001 ASL  00000061)
[    0.000000] ACPI: FACP 0x000000003FFF00F0 0000F4 (v04 VBOX   VBOXFACP 00000001 ASL  00000061)
[    0.000000] ACPI: DSDT 0x000000003FFF0470 0021FF (v02 VBOX   VBOXBIOS 00000002 INTL 20100528)
[    0.000000] ACPI: FACS 0x000000003FFF0200 000040
[    0.000000] ACPI: FACS 0x000000003FFF0200 000040
[    0.000000] ACPI: APIC 0x000000003FFF0240 00005C (v02 VBOX   VBOXAPIC 00000001 ASL  00000061)
[    0.000000] ACPI: SSDT 0x000000003FFF02A0 0001CC (v01 VBOX   VBOXCPUT 00000002 INTL 20100528)
[    0.000000] No NUMA configuration found
[    0.000000] Faking a node at [mem 0x0000000000000000-0x000000003ffeffff]
[    0.000000] NODE_DATA(0) allocated [mem 0x3ffeb000-0x3ffeffff]
[    0.000000] kvm-clock: Using msrs 4b564d01 and 4b564d00
[    0.000000] kvm-clock: cpu 0, msr 0:3ffe3001, primary cpu clock
[    0.000000] kvm-clock: using sched offset of 9111894356 cycles
[    0.000000] clocksource: kvm-clock: mask: 0xffffffffffffffff max_cycles: 0x1cd42e4dffb, max_idle_ns: 881590591483 ns
[    0.000000] Zone ranges:
[    0.000000]   DMA      [mem 0x0000000000001000-0x0000000000ffffff]
[    0.000000]   DMA32    [mem 0x0000000001000000-0x000000003ffeffff]
[    0.000000]   Normal   empty
[    0.000000]   Device   empty
[    0.000000] Movable zone start for each node
[    0.000000] Early memory node ranges
[    0.000000]   node   0: [mem 0x0000000000001000-0x000000000009efff]
[    0.000000]   node   0: [mem 0x0000000000100000-0x000000003ffeffff]
[    0.000000] Initmem setup node 0 [mem 0x0000000000001000-0x000000003ffeffff]
[    0.000000] ACPI: PM-Timer IO Port: 0x4008
[    0.000000] IOAPIC[0]: apic_id 2, version 32, address 0xfec00000, GSI 0-23
[    0.000000] ACPI: INT_SRC_OVR (bus 0 bus_irq 0 global_irq 2 dfl dfl)
[    0.000000] ACPI: INT_SRC_OVR (bus 0 bus_irq 9 global_irq 9 low level)
[    0.000000] Using ACPI (MADT) for SMP configuration information
[    0.000000] smpboot: Allowing 2 CPUs, 0 hotplug CPUs
[    0.000000] PM: Registered nosave memory: [mem 0x00000000-0x00000fff]
[    0.000000] PM: Registered nosave memory: [mem 0x0009f000-0x0009ffff]
[    0.000000] PM: Registered nosave memory: [mem 0x000a0000-0x000effff]
[    0.000000] PM: Registered nosave memory: [mem 0x000f0000-0x000fffff]
[    0.000000] e820: [mem 0x40000000-0xfebfffff] available for PCI devices
[    0.000000] Booting paravirtualized kernel on KVM
[    0.000000] clocksource: refined-jiffies: mask: 0xffffffff max_cycles: 0xffffffff, max_idle_ns: 7645519600211568 ns
[    0.000000] setup_percpu: NR_CPUS:512 nr_cpumask_bits:512 nr_cpu_ids:2 nr_node_ids:1
[    0.000000] PERCPU: Embedded 34 pages/cpu @ffff88003fc00000 s99544 r8192 d31528 u1048576
[    0.000000] PV qspinlock hash table entries: 256 (order: 0, 4096 bytes)
[    0.000000] Built 1 zonelists in Node order, mobility grouping on.  Total pages: 257912
[    0.000000] Policy zone: DMA32
[    0.000000] Kernel command line: BOOT_IMAGE=/boot/vmlinuz-4.4.0-133-generic root=UUID=84e91f24-0077-40f3-aab8-b49b8e1f4506 ro console=tty1 console=ttyS0
[    0.000000] PID hash table entries: 4096 (order: 3, 32768 bytes)
[    0.000000] Memory: 997140K/1048120K available (8550K kernel code, 1314K rwdata, 4004K rodata, 1528K init, 1316K bss, 50980K reserved, 0K cma-reserved)
[    0.000000] SLUB: HWalign=64, Order=0-3, MinObjects=0, CPUs=2, Nodes=1
[    0.000000] Hierarchical RCU implementation.
[    0.000000] 	Build-time adjustment of leaf fanout to 64.
[    0.000000] 	RCU restricting CPUs from NR_CPUS=512 to nr_cpu_ids=2.
[    0.000000] RCU: Adjusting geometry for rcu_fanout_leaf=64, nr_cpu_ids=2
[    0.000000] NR_IRQS:33024 nr_irqs:440 16
[    0.000000] Console: colour VGA+ 80x25
[    0.000000] console [tty1] enabled
[    0.000000] console [ttyS0] enabled
[    0.000000] tsc: Detected 2195.882 MHz processor
[    0.000000] tsc: Marking TSC unstable due to TSCs unsynchronized
[    0.008000] Calibrating delay loop (skipped) preset value.. 4391.76 BogoMIPS (lpj=8783528)
[    0.012033] pid_max: default: 32768 minimum: 301
[    0.016063] ACPI: Core revision 20150930
[    0.025328] ACPI: 2 ACPI AML tables successfully acquired and loaded
[    0.029635] Security Framework initialized
[    0.032029] Yama: becoming mindful.
[    0.036102] AppArmor: AppArmor initialized
[    0.040412] Dentry cache hash table entries: 131072 (order: 8, 1048576 bytes)
[    0.044965] Inode-cache hash table entries: 65536 (order: 7, 524288 bytes)
[    0.052249] Mount-cache hash table entries: 2048 (order: 2, 16384 bytes)
[    0.056070] Mountpoint-cache hash table entries: 2048 (order: 2, 16384 bytes)
[    0.064397] Initializing cgroup subsys io
[    0.068000] Initializing cgroup subsys memory
[    0.068073] Initializing cgroup subsys devices
[    0.072034] Initializing cgroup subsys freezer
[    0.076052] Initializing cgroup subsys net_cls
[    0.080062] Initializing cgroup subsys perf_event
[    0.084059] Initializing cgroup subsys net_prio
[    0.088061] Initializing cgroup subsys hugetlb
[    0.092049] Initializing cgroup subsys pids
[    0.096302] Disabling Indirect Branch Predictor Support
[    0.116793] mce: CPU supports 0 MCE banks
[    0.120106] Last level iTLB entries: 4KB 512, 2MB 8, 4MB 4
[    0.124022] Last level dTLB entries: 4KB 512, 2MB 256, 4MB 128, 1GB 0
[    0.128034] Spectre V2 : LFENCE not serializing. Switching to generic retpoline
[    0.132037] Spectre V2 : Mitigation: Full generic retpoline
[    0.136038] Spectre V2 : Speculation control IBPB not-supported IBRS not-supported
[    0.140035] Spectre V2 : Filling RSB on context switch
[    0.148041] Speculative Store Bypass: Mitigation: Speculative Store Bypass disabled via prctl and seccomp
[    0.167980] Freeing SMP alternatives memory: 32K
[    0.209879] ftrace: allocating 32262 entries in 127 pages
[    0.284312] smpboot: APIC(0) Converting physical 0 to logical package 0
[    0.288045] smpboot: Max logical packages: 1
[    0.296000] x2apic enabled
[    0.296043] Switched APIC routing to physical x2apic.
[    0.307306] ..TIMER: vector=0x30 apic1=0 pin1=2 apic2=-1 pin2=-1
[    0.312000] APIC calibration not consistent with PM-Timer: 96ms instead of 100ms
[    0.312000] APIC delta adjusted to PM-Timer: 6361647 (6114418)
[    0.312253] smpboot: CPU0: AMD A8-7410 APU with AMD Radeon R5 Graphics (family: 0x16, model: 0x30, stepping: 0x1)
[    0.320061] Performance Events: Broken PMU hardware detected, using software events only.
[    0.328031] Failed to access perfctr msr (MSR c0010007 is 0)
[    0.332157] KVM setup paravirtual spinlock
[    0.342043] x86: Booting SMP configuration:
[    0.344028] .... node  #0, CPUs:      #1
[    0.008000] kvm-clock: cpu 1, msr 0:3ffe3041, secondary cpu clock
[    0.008000] mce: CPU supports 0 MCE banks
[    0.388418] x86: Booted up 1 node, 2 CPUs
[    0.392029] smpboot: Total of 2 processors activated (8783.52 BogoMIPS)
[    0.400714] devtmpfs: initialized
[    0.415467] evm: security.selinux
[    0.416023] evm: security.SMACK64
[    0.420010] evm: security.SMACK64EXEC
[    0.424016] evm: security.SMACK64TRANSMUTE
[    0.428010] evm: security.SMACK64MMAP
[    0.432026] evm: security.ima
[    0.435535] evm: security.capability
[    0.440111] clocksource: jiffies: mask: 0xffffffff max_cycles: 0xffffffff, max_idle_ns: 7645041785100000 ns
[    0.444094] futex hash table entries: 512 (order: 3, 32768 bytes)
[    0.448328] pinctrl core: initialized pinctrl subsystem
[    0.452575] RTC time:  7:03:09, date: 08/20/18
[    0.464385] NET: Registered protocol family 16
[    0.480050] cpuidle: using governor ladder
[    0.488077] cpuidle: using governor menu
[    0.496063] PCCT header not found.
[    0.511392] ACPI: bus type PCI registered
[    0.512035] acpiphp: ACPI Hot Plug PCI Controller Driver version: 0.5
[    0.524914] PCI: Using configuration type 1 for base access
[    0.536025] PCI: Using configuration type 1 for extended access
[    0.557077] ACPI: Added _OSI(Module Device)
[    0.560040] ACPI: Added _OSI(Processor Device)
[    0.564027] ACPI: Added _OSI(3.0 _SCP Extensions)
[    0.568034] ACPI: Added _OSI(Processor Aggregator Device)
[    0.575203] ACPI: Executed 1 blocks of module-level executable AML code
[    0.604111] ACPI: Interpreter enabled
[    0.608090] ACPI: (supports S0 S5)
[    0.612032] ACPI: Using IOAPIC for interrupt routing
[    0.620337] PCI: Using host bridge windows from ACPI; if necessary, use "pci=nocrs" and report a bug
[    0.636000] ACPI: PCI Root Bridge [PCI0] (domain 0000 [bus 00-ff])
[    0.636054] acpi PNP0A03:00: _OSC: OS supports [ExtendedConfig ASPM ClockPM Segments MSI]
[    0.640217] acpi PNP0A03:00: _OSC: OS now controls [PCIeHotplug PME AER PCIeCapability]
[    0.645280] PCI host bridge to bus 0000:00
[    0.648000] pci_bus 0000:00: root bus resource [io  0x0000-0x0cf7 window]
[    0.648035] pci_bus 0000:00: root bus resource [io  0x0d00-0xffff window]
[    0.652038] pci_bus 0000:00: root bus resource [mem 0x000a0000-0x000bffff window]
[    0.656035] pci_bus 0000:00: root bus resource [mem 0x40000000-0xfdffffff window]
[    0.660038] pci_bus 0000:00: root bus resource [bus 00-ff]
[    0.668000] pci 0000:00:01.1: legacy IDE quirk: reg 0x10: [io  0x01f0-0x01f7]
[    0.668033] pci 0000:00:01.1: legacy IDE quirk: reg 0x14: [io  0x03f6]
[    0.672033] pci 0000:00:01.1: legacy IDE quirk: reg 0x18: [io  0x0170-0x0177]
[    0.676033] pci 0000:00:01.1: legacy IDE quirk: reg 0x1c: [io  0x0376]
[    0.777684] pci 0000:00:07.0: quirk: [io  0x4000-0x403f] claimed by PIIX4 ACPI
[    0.780205] pci 0000:00:07.0: quirk: [io  0x4100-0x410f] claimed by PIIX4 SMB
[    0.812000] ACPI: PCI Interrupt Link [LNKA] (IRQs 5 9 10 *11)
[    0.820000] ACPI: PCI Interrupt Link [LNKB] (IRQs 5 9 *10 11)
[    0.824000] ACPI: PCI Interrupt Link [LNKC] (IRQs 5 *9 10 11)
[    0.824000] ACPI: PCI Interrupt Link [LNKD] (IRQs 5 9 10 *11)
[    0.824000] ACPI: Enabled 2 GPEs in block 00 to 07
[    0.825078] vgaarb: setting as boot device: PCI:0000:00:02.0
[    0.828000] vgaarb: device added: PCI:0000:00:02.0,decodes=io+mem,owns=io+mem,locks=none
[    0.828031] vgaarb: loaded
[    0.830683] vgaarb: bridge control possible 0000:00:02.0
[    0.832856] SCSI subsystem initialized
[    0.836000] ACPI: bus type USB registered
[    0.836184] usbcore: registered new interface driver usbfs
[    0.840112] usbcore: registered new interface driver hub
[    0.844153] usbcore: registered new device driver usb
[    0.848650] PCI: Using ACPI for IRQ routing
[    0.857171] NetLabel: Initializing
[    0.860024] NetLabel:  domain hash size = 128
[    0.864095] NetLabel:  protocols = UNLABELED CIPSOv4
[    0.868107] NetLabel:  unlabeled traffic allowed by default
[    0.872224] amd_nb: Cannot enumerate AMD northbridges
[    0.876246] clocksource: Switched to clocksource kvm-clock
[    0.896679] AppArmor: AppArmor Filesystem Enabled
[    0.941476] pnp: PnP ACPI init
[    0.945191] pnp: PnP ACPI: found 3 devices
[    0.981759] clocksource: acpi_pm: mask: 0xffffff max_cycles: 0xffffff, max_idle_ns: 2085701024 ns
[    0.984800] NET: Registered protocol family 2
[    0.991128] TCP established hash table entries: 8192 (order: 4, 65536 bytes)
[    0.994840] TCP bind hash table entries: 8192 (order: 5, 131072 bytes)
[    0.994840] TCP: Hash tables configured (established 8192 bind 8192)
[    0.994840] UDP hash table entries: 512 (order: 2, 16384 bytes)
[    0.994840] UDP-Lite hash table entries: 512 (order: 2, 16384 bytes)
[    0.994840] NET: Registered protocol family 1
[    0.994840] pci 0000:00:00.0: Limiting direct PCI/PCI transfers
[    0.994840] pci 0000:00:01.0: Activating ISA DMA hang workarounds
[    0.994840] Unpacking initramfs...
[    1.726019] Freeing initrd memory: 15364K
[    1.728809] clocksource: tsc: mask: 0xffffffffffffffff max_cycles: 0x1fa700bbdbc, max_idle_ns: 440795317758 ns
[    1.734515] platform rtc_cmos: registered platform RTC device (no PNP device found)
[    1.739494] Scanning for low memory corruption every 60 seconds
[    1.743921] audit: initializing netlink subsys (disabled)
[    1.750103] audit: type=2000 audit(1534748600.899:1): initialized
[    1.762636] Initialise system trusted keyring
[    1.765922] HugeTLB registered 2 MB page size, pre-allocated 0 pages
[    1.772971] zbud: loaded
[    1.775544] VFS: Disk quotas dquot_6.6.0
[    1.780002] VFS: Dquot-cache hash table entries: 512 (order 0, 4096 bytes)
[    1.784391] squashfs: version 4.0 (2009/01/31) Phillip Lougher
[    1.788558] fuse init (API version 7.23)
[    1.791286] Key type big_key registered
[    1.793698] Allocating IMA MOK and blacklist keyrings.
[    1.800248] Key type asymmetric registered
[    1.805634] Asymmetric key parser 'x509' registered
[    1.815372] Block layer SCSI generic (bsg) driver version 0.4 loaded (major 249)
[    1.820086] io scheduler noop registered
[    1.822350] io scheduler deadline registered (default)
[    1.825357] io scheduler cfq registered
[    1.829883] pci_hotplug: PCI Hot Plug PCI Core version: 0.5
[    1.837812] pciehp: PCI Express Hot Plug Controller Driver version: 0.4
[    1.841528] ACPI: AC Adapter [AC] (on-line)
[    1.844247] input: Power Button as /devices/LNXSYSTM:00/LNXPWRBN:00/input/input0
[    1.848690] ACPI: Power Button [PWRF]
[    1.851093] input: Sleep Button as /devices/LNXSYSTM:00/LNXSLPBN:00/input/input1
[    1.859154] ACPI: Sleep Button [SLPF]
[    1.862061] GHES: HEST is not enabled!
[    1.863982] ACPI: Battery Slot [BAT0] (battery present)
[    1.868717] Serial: 8250/16550 driver, 32 ports, IRQ sharing enabled
[    1.899391] 00:02: ttyS0 at I/O 0x3f8 (irq = 4, base_baud = 115200) is a 16550A
[    1.910842] Linux agpgart interface v0.103
[    1.918722] loop: module loaded
[    1.922578] scsi host0: ata_piix
[    1.925185] scsi host1: ata_piix
[    1.927376] ata1: PATA max UDMA/33 cmd 0x1f0 ctl 0x3f6 bmdma 0xd000 irq 14
[    1.930869] ata2: PATA max UDMA/33 cmd 0x170 ctl 0x376 bmdma 0xd008 irq 15
[    1.938013] libphy: Fixed MDIO Bus: probed
[    1.940483] tun: Universal TUN/TAP device driver, 1.6
[    1.946868] tun: (C) 1999-2004 Max Krasnyansky <maxk@qualcomm.com>
[    1.951539] PPP generic driver version 2.4.2
[    1.955457] ehci_hcd: USB 2.0 'Enhanced' Host Controller (EHCI) Driver
[    1.958948] ehci-pci: EHCI PCI platform driver
[    1.965369] ehci-platform: EHCI generic platform driver
[    1.970655] ohci_hcd: USB 1.1 'Open' Host Controller (OHCI) Driver
[    1.976629] ohci-pci: OHCI PCI platform driver
[    1.981335] ohci-platform: OHCI generic platform driver
[    1.986763] uhci_hcd: USB Universal Host Controller Interface driver
[    1.993012] i8042: PNP: PS/2 Controller [PNP0303:PS2K,PNP0f03:PS2M] at 0x60,0x64 irq 1,12
[    2.003160] serio: i8042 KBD port at 0x60,0x64 irq 1
[    2.008310] serio: i8042 AUX port at 0x60,0x64 irq 12
[    2.014451] mousedev: PS/2 mouse device common for all mice
[    2.078015] rtc_cmos rtc_cmos: rtc core: registered rtc_cmos as rtc0
[    2.084262] input: AT Translated Set 2 keyboard as /devices/platform/i8042/serio0/input/input2
[    2.093173] rtc_cmos rtc_cmos: alarms up to one day, 114 bytes nvram
[    2.099487] i2c /dev entries driver
[    2.103781] device-mapper: uevent: version 1.0.3
[    2.109387] device-mapper: ioctl: 4.34.0-ioctl (2015-10-28) initialised: dm-devel@redhat.com
[    2.118804] ledtrig-cpu: registered to indicate activity on CPUs
[    2.135438] NET: Registered protocol family 10
[    2.141450] NET: Registered protocol family 17
[    2.146167] Key type dns_resolver registered
[    2.152810] registered taskstats version 1
[    2.157746] Loading compiled-in X.509 certificates
[    2.166132] Loaded X.509 cert 'Build time autogenerated kernel key: 2bd7eec8ea2fedbeeda78e0b663eb647cf617c40'
[    2.176584] zswap: loaded using pool lzo/zbud
[    2.191279] Key type trusted registered
[    2.213814] Key type encrypted registered
[    2.218369] AppArmor: AppArmor sha1 policy hashing enabled
[    2.223976] ima: No TPM chip found, activating TPM-bypass!
[    2.229540] ima: Allocated hash algorithm: sha1
[    2.234298] evm: HMAC attrs: 0x1
[    2.240121]   Magic number: 14:767:66
[    2.244891] rtc_cmos rtc_cmos: setting system clock to 2018-08-20 07:03:11 UTC (1534748591)
[    2.254310] BIOS EDD facility v0.16 2004-Jun-25, 0 devices found
[    2.260594] EDD information not available.
[    2.273521] Freeing unused kernel memory: 1528K
[    2.288464] Write protecting the kernel read-only data: 14336k
[    2.296851] Freeing unused kernel memory: 1676K
[    2.303086] Freeing unused kernel memory: 92K
Loading, please wait...
starting version 229
[    2.375293] random: systemd-udevd: uninitialized urandom read (16 bytes read, 3 bits of entropy available)
[    2.379854] random: udevadm: uninitialized urandom read (16 bytes read, 3 bits of entropy available)
[    2.379953] random: udevadm: uninitialized urandom read (16 bytes read, 3 bits of entropy available)
[    2.447331] random: udevadm: uninitialized urandom read (16 bytes read, 3 bits of entropy available)
[    2.447573] random: udevadm: uninitialized urandom read (16 bytes read, 3 bits of entropy available)
[    2.448093] random: udevadm: uninitialized urandom read (16 bytes read, 3 bits of entropy available)
[    2.448093] random: udevadm: uninitialized urandom read (16 bytes read, 3 bits of entropy available)
[    2.449262] random: udevadm: uninitialized urandom read (16 bytes read, 3 bits of entropy available)
[    2.449560] random: udevadm: uninitialized urandom read (16 bytes read, 3 bits of entropy available)
[    2.449933] random: udevadm: uninitialized urandom read (16 bytes read, 3 bits of entropy available)
[    2.737004] e1000: Intel(R) PRO/1000 Network Driver - version 7.3.21-k8-NAPI
[    2.742344] e1000: Copyright (c) 1999-2006 Intel Corporation.
[    2.787000] Fusion MPT base driver 3.04.20
[    2.790555] Copyright (c) 1999-2008 LSI Corporation
[    2.860553] Fusion MPT SPI Host driver 3.04.20
[    2.946032] AVX version of gcm_enc/dec engaged.
[    2.949766] AES CTR mode by8 optimization enabled
[    3.073763] input: ImExPS/2 Generic Explorer Mouse as /devices/platform/i8042/serio1/input/input4
[    3.987311] e1000 0000:00:03.0 eth0: (PCI:33MHz:32-bit) 02:40:c1:fa:9b:f5
[    3.993784] e1000 0000:00:03.0 eth0: Intel(R) PRO/1000 Network Connection
[    4.003378] mptbase: ioc0: Initiating bringup
[    4.007225] e1000 0000:00:03.0 enp0s3: renamed from eth0
[    4.081648] ioc0: LSI53C1030 A0: Capabilities={Initiator}
[    4.255154] scsi host2: ioc0: LSI53C1030 A0, FwRev=00000000h, Ports=1, MaxQ=256, IRQ=20
[    4.419111] scsi 2:0:0:0: Direct-Access     VBOX     HARDDISK         1.0  PQ: 0 ANSI: 5
[    4.427971] scsi target2:0:0: Beginning Domain Validation
[    4.494164] scsi target2:0:0: Domain Validation skipping write tests
[    4.500771] scsi target2:0:0: Ending Domain Validation
[    4.506608] scsi target2:0:0: asynchronous
[    4.513758] scsi 2:0:1:0: Direct-Access     VBOX     HARDDISK         1.0  PQ: 0 ANSI: 5
[    4.522263] scsi target2:0:1: Beginning Domain Validation
[    4.533858] scsi target2:0:1: Domain Validation skipping write tests
[    4.540291] scsi target2:0:1: Ending Domain Validation
[    4.545912] scsi target2:0:1: asynchronous
[    4.577958] sd 2:0:0:0: Attached scsi generic sg0 type 0
[    4.583849] sd 2:0:0:0: [sda] 20971520 512-byte logical blocks: (10.7 GB/10.0 GiB)
[    4.593872] sd 2:0:1:0: [sdb] 20480 512-byte logical blocks: (10.5 MB/10.0 MiB)
[    4.602424] sd 2:0:0:0: [sda] Write Protect is off
[    4.603134] sd 2:0:1:0: Attached scsi generic sg1 type 0
[    4.620948] sd 2:0:1:0: [sdb] Write Protect is off
[    4.621237] sd 2:0:0:0: [sda] Incomplete mode parameter data
[    4.621243] sd 2:0:0:0: [sda] Assuming drive cache: write through
[    4.649238] sd 2:0:1:0: [sdb] Incomplete mode parameter data
[    4.654569] sd 2:0:1:0: [sdb] Assuming drive cache: write through
[    4.680520]  sda: sda1
[    4.686485] sd 2:0:0:0: [sda] Attached SCSI disk
[    4.700815] sd 2:0:1:0: [sdb] Attached SCSI disk
Begin: Loading essential drivers ... [    7.367118] md: linear personality registered for level -1
[    7.384461] md: multipath personality registered for level -4
[    7.406640] md: raid0 personality registered for level 0
[    7.437766] md: raid1 personality registered for level 1
[    7.540786] raid6: sse2x1   gen()   497 MB/s
[    7.612085] raid6: sse2x1   xor()  1020 MB/s
[    7.684097] raid6: sse2x2   gen()  1125 MB/s
[    7.756653] raid6: sse2x2   xor()  1230 MB/s
[    7.828037] raid6: sse2x4   gen()  1377 MB/s
[    7.900382] raid6: sse2x4   xor()  1307 MB/s
[    7.908598] raid6: using algorithm sse2x4 gen() 1377 MB/s
[    7.927309] raid6: .... xor() 1307 MB/s, rmw enabled
[    7.932371] raid6: using ssse3x2 recovery algorithm
[    7.943355] xor: automatically using best checksumming function:
[    7.996376]    avx       :  3197.000 MB/sec
[    8.006490] async_tx: api initialized (async)
[    8.048685] md: raid6 personality registered for level 6
[    8.063220] md: raid5 personality registered for level 5
[    8.069829] md: raid4 personality registered for level 4
[    8.105695] md: raid10 personality registered for level 10
done.
Begin: Running /scripts/init-premount ... done.
Begin: Mounting root file system ... Begin: Running /scripts/local-top ... done.
Begin: Running /scripts/local-premount ... [    8.274842] Btrfs loaded
Scanning for Btrfs filesystems
done.
Warning: fsck not present, so skipping root file system
[    8.446238] EXT4-fs (sda1): INFO: recovery required on readonly filesystem
[    8.452682] EXT4-fs (sda1): write access will be enabled during recovery
[    8.767336] EXT4-fs (sda1): recovery complete
[    8.772675] EXT4-fs (sda1): mounted filesystem with ordered data mode. Opts: (null)
done.
Begin: Running /scripts/local-bottom ... done.
Begin: Running /scripts/init-bottom ... done.
[    9.709921] random: nonblocking pool is initialized
[    9.892846] systemd[1]: systemd 229 running in system mode. (+PAM +AUDIT +SELINUX +IMA +APPARMOR +SMACK +SYSVINIT +UTMP +LIBCRYPTSETUP +GCRYPT +GNUTLS +ACL +XZ -LZ4 +SECCOMP +BLKID +ELFUTILS +KMOD -IDN)
[    9.912570] systemd[1]: Detected virtualization oracle.
[    9.917953] systemd[1]: Detected architecture x86-64.

Welcome to [1mUbuntu 16.04.4 LTS[0m!

[    9.957927] systemd[1]: Set hostname to <ubuntu-xenial>.
[   11.616489] systemd[1]: Listening on Syslog Socket.
[[0;32m  OK  [0m] Listening on Syslog Socket.
[   11.631791] systemd[1]: Listening on udev Control Socket.
[[0;32m  OK  [0m] Listening on udev Control Socket.
[   11.665451] systemd[1]: Reached target System Time Synchronized.
[[0;32m  OK  [0m] Reached target System Time Synchronized.
[   11.693716] systemd[1]: Listening on LVM2 metadata daemon socket.
[[0;32m  OK  [0m] Listening on LVM2 metadata daemon socket.
[   11.722745] systemd[1]: Set up automount Arbitrary Executable File Formats File System Automount Point.
[[0;32m  OK  [0m] Set up automount Arbitrary Executab...ats File System Automount Point.
[   11.758090] systemd[1]: Reached target Encrypted Volumes.
[[0;32m  OK  [0m] Reached target Encrypted Volumes.
[   11.795040] systemd[1]: Listening on Journal Socket.
[[0;32m  OK  [0m] Listening on Journal Socket.
[   11.825385] systemd[1]: Listening on udev Kernel Socket.
[[0;32m  OK  [0m] Listening on udev Kernel Socket.
[   11.848819] systemd[1]: Listening on LVM2 poll daemon socket.
[[0;32m  OK  [0m] Listening on LVM2 poll daemon socket.
[   11.882713] systemd[1]: Listening on Journal Audit Socket.
[[0;32m  OK  [0m] Listening on Journal Audit Socket.
[   11.907025] systemd[1]: Reached target Swap.
[[0;32m  OK  [0m] Reached target Swap.
[   11.965953] systemd[1]: Created slice User and Session Slice.
[[0;32m  OK  [0m] Created slice User and Session Slice.
[   12.009202] systemd[1]: Reached target User and Group Name Lookups.
[[0;32m  OK  [0m] Reached target User and Group Name Lookups.
[   12.026064] systemd[1]: Listening on /dev/initctl Compatibility Named Pipe.
[[0;32m  OK  [0m] Listening on /dev/initctl Compatibility Named Pipe.
[   12.043493] systemd[1]: Listening on Journal Socket (/dev/log).
[[0;32m  OK  [0m] Listening on Journal Socket (/dev/log).
[   12.065476] systemd[1]: Listening on Device-mapper event daemon FIFOs.
[[0;32m  OK  [0m] Listening on Device-mapper event daemon FIFOs.
[   12.085639] systemd[1]: Created slice System Slice.
[[0;32m  OK  [0m] Created slice System Slice.
[   12.181215] systemd[1]: Starting Load Kernel Modules...
         Starting Load Kernel Modules...
[   12.204201] systemd[1]: Starting Monitoring of LVM2 mirrors, snapshots etc. using dmeventd or progress polling...
         Starting Monitoring of LVM2 mirrors... dmeventd or progress polling...
[   12.237695] systemd[1]: Mounting Debug File System...
         Mounting Debug File System...
[   12.268087] systemd[1]: Starting Journal Service...
         Starting Journal Service...
[   12.293165] systemd[1]: Starting Uncomplicated firewall...
         Starting Uncomplicated firewall...
[   12.357107] systemd[1]: Mounting Huge Pages File System...
         Mounting Huge Pages File System...
[   12.377931] systemd[1]: Created slice system-serial\x2dgetty.slice.
[[0;32m  OK  [0m] Created slice system-serial\x2dgetty.slice.
[   12.435257] Loading iSCSI transport class v2.0-870.
[   12.477891] systemd[1]: Reached target Slices.
[[0;32m  OK  [0m] Reached target Slices.
[   12.520926] systemd[1]: Starting Set console keymap...
         Starting Set console keymap...
[   12.550159] systemd[1]: Starting Nameserver information manager...
         Starting Nameserver information manager...
[   12.654906] systemd[1]: Starting Remount Root and Kernel File Systems...
[   12.729254] iscsi: registered transport (tcp)
         Starting Remount Root and Kernel File Systems...
[   12.768448] systemd[1]: Mounting POSIX Message Queue File System...
         Mounting POSIX M[   12.778320] EXT4-fs (sda1): re-mounted. Opts: (null)
essage Queue File System...
[   12.794418] systemd[1]: Starting Create list of required static device nodes for the current kernel...
         Starting Create list of required st... nodes for the current kernel...
[   12.850357] systemd[1]: Started Trigger resolvconf update for networkd DNS.
[[0;32m  OK  [0m] Started Trigger resolvconf update for networkd DNS.
[   12.917064] systemd[1]: Started Forward Password Requests to Wall Directory Watch.
[[0;32m  OK  [0m] Started Forward Password Requests to Wall Directory Watch.
[   12.983470] systemd[1]: Mounted Debug File System.
[[0;32m  OK  [0m] Mounted Debug File System.
[   13.004712] systemd[1]: Mounted POSIX Message Queue File System.
[[0;32m  OK  [0m] Mounted POSIX Message Queue File System.
[   13.036116] systemd[1]: Mounted Huge Pages File System.
[[0;32m  OK  [0m] Mounted Huge Pages File System.
[   13.043439] systemd[1]: Started Journal Service.
[[0;32m  OK  [0m] Started Journal Service.
[[0;32m  OK  [0m] Started Uncomplicated firewall.
[[0;32m  OK  [0m] Started Set console keymap.
[[0;32m  OK  [0m] Started Remount Root and Kernel File Systems.
[[0;32m  OK  [0m] Started Create list of required sta...ce nodes for the current kernel.
[[0;32m  OK  [0m] Started Nameserver information manager.
[   13.143517] iscsi: registered transport (iser)
[[0;32m  OK  [0m] Started Load Kernel Modules.
         Starting Apply Kernel Variables...
         Mounting FUSE Control File System...
[[0;32m  OK  [0m] Started LVM2 metadata daemon.
         Starting Create Static Device Nodes in /dev...
         Starting Load/Save Random Seed...
         Starting udev Coldplug all Devices...
         Starting Flush Journal to Persistent Storage...
[[0;32m  OK  [0m] Mounted FUSE Control File System.
[[0;32m  OK  [0m] Started Apply Kernel Variables.
[[0;32m  OK  [0m] Started Load/Save Random Seed.
[[0;32m  OK  [0m] Started Flush Journal to Persistent Storage.
[[0;32m  OK  [0m] Started Create Static Device Nodes in /dev.
         Starting udev Kernel Device Manager...
[[0;32m  OK  [0m] Started udev Coldplug all Devices.
[[0;32m  OK  [0m] Started Monitoring of LVM2 mirrors,...ng dmeventd or progress polling.
[[0;32m  OK  [0m] Started udev Kernel Device Manager.
[[0;32m  OK  [0m] Reached target Local File Systems (Pre).
[[0;32m  OK  [0m] Reached target Local File Systems.
         Starting LSB: AppArmor initialization...
         Starting Create Volatile Files and Directories...
         Starting Set console font and keymap...
         Starting Tell Plymouth To Write Out Runtime Data...
         Starting Initial cloud-init job (pre-networking)...
[[0;32m  OK  [0m] Started Dispatch Password Requests to Console Directory Watch.
[[0;32m  OK  [0m] Started Create Volatile Files and Directories.
[[0;32m  OK  [0m] Started Tell Plymouth To Write Out Runtime Data.
         Starting Update UTMP about System Boot/Shutdown...
[[0;32m  OK  [0m] Started Update UTMP about System Boot/Shutdown.
[[0;32m  OK  [0m] Found device /dev/ttyS0.
[[0;32m  OK  [0m] Found device 82540EM Gigabit Ethern...r (PRO/1000 MT Desktop Adapter).
[[0;32m  OK  [0m] Started LSB: AppArmor initialization.
[[0;32m  OK  [0m] Listening on Load/Save RF Kill Switch Status /dev/rfkill Watch.
[[0;32m  OK  [0m] Started Set console font and keymap.
[[0;32m  OK  [0m] Created slice system-getty.slice.
[   22.478058] cloud-init[498]: Cloud-init v. 18.2 running 'init-local' at Mon, 20 Aug 2018 07:03:30 +0000. Up 20.84 seconds.
[[0;32m  OK  [0m] Started Initial cloud-init job (pre-networking).
[[0;32m  OK  [0m] Reached target Network (Pre).
[[0;32m  OK  [0m] Started ifup for enp0s3.
         Starting Raise network interfaces...
[[0;32m  OK  [0m] Started Raise network interfaces.
         Starting Initial cloud-init job (metadata service crawler)...
[[0;32m  OK  [0m] Reached target Network.
[   27.922762] cloud-init[1009]: Cloud-init v. 18.2 running 'init' at Mon, 20 Aug 2018 07:03:34 +0000. Up 25.49 seconds.
[   28.019415] cloud-init[1009]: ci-info: +++++++++++++++++++++++++++++++++++++Net device info++++++++++++++++++++++++++++++++++++++
[   28.040756] cloud-init[1009]: ci-info: +--------+------+----------------------------+---------------+-------+-------------------+
[   28.080830] cloud-init[1009]: ci-info: | Device |  Up  |          Address           |      Mask     | Scope |     Hw-Address    |
[   28.091036] cloud-init[1009]: ci-info: +--------+------+----------------------------+---------------+-------+-------------------+
[[0;32m  OK  [0m] Started Initial cloud-init job (metadata service crawler).
[   28.131464] cloud-init[1009]: ci-info: | enp0s3 | True |         10.0.2.15          | 255.255.255.0 |   .   | 02:40:c1:fa:9b:f5 |
[   28.169303] [[0;32m  OK  [0m] Reached target System Initialization.
[[0;32m  OK  [0m] Listening on D-Bus System Message Bus Socket.
         Starting Socket activation for snappy daemon.
[[0;32m  OK  [0m] Started Daily Cleanup of Temporary Directories.
[[0;32m  OK  [0m] Listening on ACPID Listen Socket.
cloud-init[1009]: ci-info: | enp0s3 | True | fe80::40:c1ff:fefa:9bf5/64 |       .       |  link | 02:40:c1:fa:9b:f5 |
[   28.202250] cloud-init[1009]: ci-info: |   lo   | True |         127.0.0.1          |   255.0.0.0   |   .   |         .         |
[   28.210803] cloud-init[1009]: ci-info: |   lo   | True |          ::1/128           |       .       |  host |         .         |
[   28.220768] cloud-init[1009]: ci-info: +--------+------+----------------------------+---------------+-------+-------------------+
[   28.237785] [[0;32m  OK  [0m] Started ACPI Events Check.
[[0;32m  OK  [0m] Reached target Paths.
cloud-init[1009]: ci-info: +++++++++++++++++++++++++++Route IPv4 info++++++++++++++++++++++++++++[[0;32m  OK  [0m] Started Daily apt download activities.
         Starting Docker Socket for the API.
[[0;32m  OK  [0m] Listening on UUID daemon activation socket.
         Starting LXD - unix socket.
[[0;32m  OK  [0m] Started Daily apt upgrade and clean activities.

[   28.259714] cloud-init[1009]: ci-info: +-------+-------------+----------+---------------+-----------+-------+
[   28.260794] cloud-init[1009]: ci-info: | Route | Destination | Gateway  |    Genmask    | Interface | Flags |
[   28.261012] cloud-init[1009]: ci-info: +-------+-------------+----------+---------------+-----------+-------+
[[0;32m  OK  [0m] Reached target Timers.
[[0;32m  OK  [0m] Reached target Network is Online.
[   28.261239] cloud-init[1009]: ci-info: |   0   |   0.0.0.0   | 10.0.2.2 |    0.0.0.0    |   enp0s3  |   UG  |
[   28.328855] cloud-init[1009]: ci-info: |   1   |   10.0.2.0  | 0.0.0.0  | 255.255.255.0 |   enp0s3  |   U   |
[   28.336778] cloud-init[1009]: ci-info: +-------+-------------+----------+---------------+-----------+-------+         Starting iSCSI initiator daemon (iscsid)...
[[0;32m  OK  [0m] Reached target Cloud-config availability.

[[0;32m  OK  [0m] Listening on Socket activation for snappy daemon.
[[0;32m  OK  [0m] Listening on Docker Socket for the API.
[[0;32m  OK  [0m] Listening on LXD - unix socket.
[[0;32m  OK  [0m] Reached target Sockets.
[[0;32m  OK  [0m] Reached target Basic System.
         Starting Virtualbox guest utils...
[[0;32m  OK  [0m] Started Unattended Upgrades Shutdown.
         Starting /etc/rc.local Compatibility...
         Starting System Logging Service...
         Starting LSB: Record successful boot for GRUB...
         Starting Snappy daemon...
[[0;32m  OK  [0m] Started ACPI event daemon.
         Starting Accounts Service...
         Starting Apply the settings specified in cloud-config...
[[0;32m  OK  [0m] Started D-Bus System Message Bus.
         Starting LSB: MD monitoring daemon...
[[0;32m  OK  [0m] Started Deferred execution scheduler.
         Starting LXD - container startup/shutdown...
[[0;32m  OK  [0m] Started FUSE filesystem for LXC.
         Starting OpenBSD Secure Shell server...
[[0;32m  OK  [0m] Started Regular background program processing daemon.
         Starting Docker Application Container Engine...
         Starting Login Service...
[[0;32m  OK  [0m] Started System Logging Service.
[[0;32m  OK  [0m] Started iSCSI initiator daemon (iscsid).
[[0;32m  OK  [0m] Started /etc/rc.local Compatibility.
         Starting Authenticate and Authorize Users to Run Privileged Tasks...
         Starting Login to default iSCSI targets...
[[0;32m  OK  [0m] Started Login Service.
[[0;32m  OK  [0m] Started LSB: Record successful boot for GRUB.
[[0;32m  OK  [0m] Started OpenBSD Secure Shell server.
[[0;32m  OK  [0m] Started LSB: MD monitoring daemon.
[[0;32m  OK  [0m] Started Login to default iSCSI targets.
[[0;32m  OK  [0m] Reached target Remote File Systems (Pre).
[[0;32m  OK  [0m] Reached target Remote File Systems.
         Starting LSB: Set the CPU Frequency Scaling governor to "ondemand"...
         Starting LSB: Set up cgroupfs mounts....
         Starting Permit User Sessions...
         Starting LSB: daemon to balance interrupts for SMP systems...
         Starting LSB: automatic crash report generation...
[[0;32m  OK  [0m] Started LSB: Set up cgroupfs mounts..
[[0;32m  OK  [0m] Started Authenticate and Authorize Users to Run Privileged Tasks.
[[0;32m  OK  [0m] Started Permit User Sessions.
[[0;32m  OK  [0m] Started Accounts Service.
[[0;32m  OK  [0m] Started Virtualbox guest utils.
[[0;32m  OK  [0m] Started LSB: Set the CPU Frequency Scaling governor to "ondemand".
         Starting Terminate Plymouth Boot Screen...
         Starting Hold until boot process finishes up...
[[0;32m  OK  [0m] Started Terminate Plymouth Boot Screen.
[[0;32m  OK  [0m] Started Hold until boot process finishes up.
[[0;32m  OK  [0m] Started LSB: automatic crash report generation.
[   32.170189] cloud-init[1092]: Cloud-init v. 18.2 running 'modules:config' at Mon, 20 Aug 2018 07:03:40 +0000. Up 30.78 seconds.
[[0;32m  OK  [0m] Started Getty on tty1.
[[0;32m  OK  [0m] Started Serial Getty on ttyS0.
[[0;32m  OK  [0m] Reached target Login Prompts.
         Starting Set console scheme...
[[0;32m  OK  [0m] Started LSB: daemon to balance interrupts for SMP systems.
[[0;32m  OK  [0m] Started Set console scheme.
[[0;32m  OK  [0m] Started Apply the settings specified in cloud-config.
[[0;32m  OK  [0m] Started Snappy daemon.
         Starting Wait until snapd is fully seeded...
[[0;32m  OK  [0m] Started Wait until snapd is fully seeded.
[[0;32m  OK  [0m] Created slice User Slice of vagrant.
         Starting User Manager for UID 1000...
[[0;32m  OK  [0m] Started Session 1 of user vagrant.
[[0;32m  OK  [0m] Started LXD - container startup/shutdown.
[[0;32m  OK  [0m] Started User Manager for UID 1000.

Ubuntu 16.04.4 LTS ubuntu-xenial ttyS0

ubuntu-xenial login: [   55.111509] cloud-init[1679]: Cloud-init v. 18.2 running 'modules:final' at Mon, 20 Aug 2018 07:04:03 +0000. Up 54.26 seconds.
[   55.114375] cloud-init[1679]: Cloud-init v. 18.2 finished at Mon, 20 Aug 2018 07:04:04 +0000. Datasource DataSourceNoCloud [seed=/dev/sdb][dsmode=net].  Up 55.07 seconds
